// Jest Snapshot v1, https://goo.gl/fbAQLP

exports[`<Header /> component with logged in state should load the component in logged in state 1`] = `"<header class=\\"MuiPaper-root-10 MuiPaper-elevation4-16 MuiAppBar-root-1 MuiAppBar-positionStatic-5 MuiAppBar-colorPrimary-8 css-6njnwn e1ctrp120\\"><div class=\\"MuiToolbar-root-37 MuiToolbar-regular-39 MuiToolbar-gutters-38 css-ioebmw e1ctrp121\\"><a href=\\"/\\" target=\\"_self\\"><div class=\\"css-guljh6 e18wxr160\\"></div></a><div><a href=\\"https://verdaccio.org/docs/en/installation\\" target=\\"_blank\\" tabindex=\\"0\\" class=\\"MuiButtonBase-root-47 MuiIconButton-root-41 MuiIconButton-colorInherit-42\\" role=\\"button\\"><span class=\\"MuiIconButton-label-46\\"><svg class=\\"MuiSvgIcon-root-50\\" focusable=\\"false\\" viewBox=\\"0 0 24 24\\" aria-hidden=\\"true\\" role=\\"presentation\\"><path fill=\\"none\\" d=\\"M0 0h24v24H0z\\"></path><path d=\\"M12 2C6.48 2 2 6.48 2 12s4.48 10 10 10 10-4.48 10-10S17.52 2 12 2zm1 17h-2v-2h2v2zm2.07-7.75l-.9.92C13.45 12.9 13 13.5 13 15h-2v-.5c0-1.1.45-2.1 1.17-2.83l1.24-1.26c.37-.36.59-.86.59-1.41 0-1.1-.9-2-2-2s-2 .9-2 2H8c0-2.21 1.79-4 4-4s4 1.79 4 4c0 .88-.36 1.68-.93 2.25z\\"></path></svg></span><span class=\\"MuiTouchRipple-root-59\\"></span></a><button tabindex=\\"0\\" class=\\"MuiButtonBase-root-47 MuiIconButton-root-41 MuiIconButton-colorInherit-42\\" type=\\"button\\"><span class=\\"MuiIconButton-label-46\\"><svg class=\\"MuiSvgIcon-root-50\\" focusable=\\"false\\" viewBox=\\"0 0 24 24\\" aria-hidden=\\"true\\" role=\\"presentation\\"><path fill=\\"none\\" d=\\"M0 0h24v24H0z\\"></path><path d=\\"M12 2C6.48 2 2 6.48 2 12s4.48 10 10 10 10-4.48 10-10S17.52 2 12 2zm1 15h-2v-6h2v6zm0-8h-2V7h2v2z\\"></path></svg></span><span class=\\"MuiTouchRipple-root-59\\"></span></button><button tabindex=\\"0\\" class=\\"MuiButtonBase-root-47 MuiButton-root-66 MuiButton-text-68 MuiButton-flat-71 MuiButton-colorInherit-87\\" type=\\"button\\" aria-owns=\\"sidebar-menu\\" aria-haspopup=\\"true\\"><span class=\\"MuiButton-label-67\\">Hi, test user</span><span class=\\"MuiTouchRipple-root-59\\"></span></button></div></div></header>"`;

exports[`<Header /> component with logged out state should load the component in logged out state 1`] = `"<header class=\\"MuiPaper-root-10 MuiPaper-elevation4-16 MuiAppBar-root-1 MuiAppBar-positionStatic-5 MuiAppBar-colorPrimary-8 css-6njnwn e1ctrp120\\"><div class=\\"MuiToolbar-root-37 MuiToolbar-regular-39 MuiToolbar-gutters-38 css-ioebmw e1ctrp121\\"><a href=\\"/\\" target=\\"_self\\"><div class=\\"css-guljh6 e18wxr160\\"></div></a><div><a href=\\"https://verdaccio.org/docs/en/installation\\" target=\\"_blank\\" tabindex=\\"0\\" class=\\"MuiButtonBase-root-47 MuiIconButton-root-41 MuiIconButton-colorInherit-42\\" role=\\"button\\"><span class=\\"MuiIconButton-label-46\\"><svg class=\\"MuiSvgIcon-root-50\\" focusable=\\"false\\" viewBox=\\"0 0 24 24\\" aria-hidden=\\"true\\" role=\\"presentation\\"><path fill=\\"none\\" d=\\"M0 0h24v24H0z\\"></path><path d=\\"M12 2C6.48 2 2 6.48 2 12s4.48 10 10 10 10-4.48 10-10S17.52 2 12 2zm1 17h-2v-2h2v2zm2.07-7.75l-.9.92C13.45 12.9 13 13.5 13 15h-2v-.5c0-1.1.45-2.1 1.17-2.83l1.24-1.26c.37-.36.59-.86.59-1.41 0-1.1-.9-2-2-2s-2 .9-2 2H8c0-2.21 1.79-4 4-4s4 1.79 4 4c0 .88-.36 1.68-.93 2.25z\\"></path></svg></span><span class=\\"MuiTouchRipple-root-59\\"></span></a><button tabindex=\\"0\\" class=\\"MuiButtonBase-root-47 MuiIconButton-root-41 MuiIconButton-colorInherit-42\\" type=\\"button\\"><span class=\\"MuiIconButton-label-46\\"><svg class=\\"MuiSvgIcon-root-50\\" focusable=\\"false\\" viewBox=\\"0 0 24 24\\" aria-hidden=\\"true\\" role=\\"presentation\\"><path fill=\\"none\\" d=\\"M0 0h24v24H0z\\"></path><path d=\\"M12 2C6.48 2 2 6.48 2 12s4.48 10 10 10 10-4.48 10-10S17.52 2 12 2zm1 15h-2v-6h2v6zm0-8h-2V7h2v2z\\"></path></svg></span><span class=\\"MuiTouchRipple-root-59\\"></span></button><button tabindex=\\"0\\" class=\\"MuiButtonBase-root-47 MuiButton-root-66 MuiButton-text-68 MuiButton-flat-71 MuiButton-colorInherit-87\\" type=\\"button\\"><span class=\\"MuiButton-label-67\\">Login</span><span class=\\"MuiTouchRipple-root-59\\"></span></button></div></div></header>"`;
